// Jest Snapshot v1, https://goo.gl/fbAQLP

exports[`<Main /> should display the main page with action buttons, a scoreboard, and the game 1`] = `
<Fragment>
  <div
    className="header"
  >
    <button
      className="instructions"
      onClick={[Function]}
    >
      INSTRUCTIONS
    </button>
    <button
      className="newGame"
      onClick={[Function]}
    >
      NEW GAME
    </button>
    <Connect(WithStyles(Scoreboard)) />
  </div>
  <Game />
</Fragment>
`;
